Archive member included to satisfy reference by file (symbol)

d:/intelfpga_lite/18.1/nios2eds/bin/gnu/h-x86_64-mingw32/bin/../lib/gcc/nios2-elf/5.3.0/mno-hw-mul\libgcc.a(addsf3.o)
                              obj/default/hello_world_small.o (__addsf3)
d:/intelfpga_lite/18.1/nios2eds/bin/gnu/h-x86_64-mingw32/bin/../lib/gcc/nios2-elf/5.3.0/mno-hw-mul\libgcc.a(mulsf3.o)
                              obj/default/hello_world_small.o (__mulsf3)
d:/intelfpga_lite/18.1/nios2eds/bin/gnu/h-x86_64-mingw32/bin/../lib/gcc/nios2-elf/5.3.0/mno-hw-mul\libgcc.a(floatsisf.o)
                              obj/default/hello_world_small.o (__floatsisf)
d:/intelfpga_lite/18.1/nios2eds/bin/gnu/h-x86_64-mingw32/bin/../lib/gcc/nios2-elf/5.3.0/mno-hw-mul\libgcc.a(_clzsi2.o)
                              d:/intelfpga_lite/18.1/nios2eds/bin/gnu/h-x86_64-mingw32/bin/../lib/gcc/nios2-elf/5.3.0/mno-hw-mul\libgcc.a(addsf3.o) (__clzsi2)
d:/intelfpga_lite/18.1/nios2eds/bin/gnu/h-x86_64-mingw32/bin/../lib/gcc/nios2-elf/5.3.0/mno-hw-mul\libgcc.a(lib2-mul.o)
                              d:/intelfpga_lite/18.1/nios2eds/bin/gnu/h-x86_64-mingw32/bin/../lib/gcc/nios2-elf/5.3.0/mno-hw-mul\libgcc.a(mulsf3.o) (__mulsi3)
d:/intelfpga_lite/18.1/nios2eds/bin/gnu/h-x86_64-mingw32/bin/../lib/gcc/nios2-elf/5.3.0/mno-hw-mul\libgcc.a(_clz.o)
                              d:/intelfpga_lite/18.1/nios2eds/bin/gnu/h-x86_64-mingw32/bin/../lib/gcc/nios2-elf/5.3.0/mno-hw-mul\libgcc.a(_clzsi2.o) (__clz_tab)
../coursework_v1_bsp/\libhal_bsp.a(alt_getchar.o)
                              obj/default/hello_world_small.o (alt_getchar)
../coursework_v1_bsp/\libhal_bsp.a(alt_irq_register.o)
                              obj/default/hello_world_small.o (alt_irq_register)
../coursework_v1_bsp/\libhal_bsp.a(alt_irq_vars.o)
                              ../coursework_v1_bsp/\libhal_bsp.a(alt_irq_register.o) (alt_irq_active)
../coursework_v1_bsp/\libhal_bsp.a(alt_load.o)
                              ../coursework_v1_bsp//obj/HAL/src/crt0.o (alt_load)
../coursework_v1_bsp/\libhal_bsp.a(alt_main.o)
                              ../coursework_v1_bsp//obj/HAL/src/crt0.o (alt_main)
../coursework_v1_bsp/\libhal_bsp.a(alt_printf.o)
                              obj/default/hello_world_small.o (alt_printf)
../coursework_v1_bsp/\libhal_bsp.a(alt_putchar.o)
                              ../coursework_v1_bsp/\libhal_bsp.a(alt_printf.o) (alt_putchar)
../coursework_v1_bsp/\libhal_bsp.a(alt_sys_init.o)
                              ../coursework_v1_bsp/\libhal_bsp.a(alt_main.o) (alt_irq_init)
../coursework_v1_bsp/\libhal_bsp.a(altera_avalon_jtag_uart_read.o)
                              ../coursework_v1_bsp/\libhal_bsp.a(alt_getchar.o) (altera_avalon_jtag_uart_read)
../coursework_v1_bsp/\libhal_bsp.a(altera_avalon_jtag_uart_write.o)
                              ../coursework_v1_bsp/\libhal_bsp.a(alt_putchar.o) (altera_avalon_jtag_uart_write)
../coursework_v1_bsp/\libhal_bsp.a(altera_up_avalon_accelerometer_spi.o)
                              obj/default/hello_world_small.o (alt_up_accelerometer_spi_open_dev)
../coursework_v1_bsp/\libhal_bsp.a(alt_dcache_flush_all.o)
                              ../coursework_v1_bsp/\libhal_bsp.a(alt_load.o) (alt_dcache_flush_all)
../coursework_v1_bsp/\libhal_bsp.a(alt_dev.o)
                              ../coursework_v1_bsp/\libhal_bsp.a(alt_getchar.o) (alt_fd_list)
../coursework_v1_bsp/\libhal_bsp.a(alt_dev_llist_insert.o)
                              ../coursework_v1_bsp/\libhal_bsp.a(alt_sys_init.o) (alt_dev_llist_insert)
../coursework_v1_bsp/\libhal_bsp.a(alt_errno.o)
                              ../coursework_v1_bsp/\libhal_bsp.a(alt_dev_llist_insert.o) (alt_errno)
../coursework_v1_bsp/\libhal_bsp.a(alt_find_dev.o)
                              ../coursework_v1_bsp/\libhal_bsp.a(altera_up_avalon_accelerometer_spi.o) (alt_find_dev)
../coursework_v1_bsp/\libhal_bsp.a(alt_icache_flush_all.o)
                              ../coursework_v1_bsp/\libhal_bsp.a(alt_load.o) (alt_icache_flush_all)
../coursework_v1_bsp/\libhal_bsp.a(alt_irq_entry.o)
                              ../coursework_v1_bsp/\libhal_bsp.a(alt_irq_register.o) (alt_irq_entry)
../coursework_v1_bsp/\libhal_bsp.a(alt_irq_handler.o)
                              ../coursework_v1_bsp/\libhal_bsp.a(alt_irq_register.o) (alt_irq_handler)
../coursework_v1_bsp/\libhal_bsp.a(altera_nios2_gen2_irq.o)
                              ../coursework_v1_bsp/\libhal_bsp.a(alt_sys_init.o) (altera_nios2_gen2_irq_init)
../coursework_v1_bsp/\libhal_bsp.a(alt_exception_entry.o)
                              ../coursework_v1_bsp/\libhal_bsp.a(alt_irq_entry.o) (alt_exception)
../coursework_v1_bsp/\libhal_bsp.a(alt_instruction_exception_entry.o)
                              ../coursework_v1_bsp/\libhal_bsp.a(alt_exception_entry.o) (alt_instruction_exception_entry)
d:/intelfpga_lite/18.1/nios2eds/bin/gnu/h-x86_64-mingw32/bin/../lib/gcc/nios2-elf/5.3.0/../../../../../H-x86_64-mingw32/nios2-elf/lib/mno-hw-mul\libsmallc.a(lib_a-int_errno.o)
                              ../coursework_v1_bsp/\libhal_bsp.a(alt_dev_llist_insert.o) (errno)
d:/intelfpga_lite/18.1/nios2eds/bin/gnu/h-x86_64-mingw32/bin/../lib/gcc/nios2-elf/5.3.0/../../../../../H-x86_64-mingw32/nios2-elf/lib/mno-hw-mul\libsmallc.a(lib_a-memcmp.o)
                              ../coursework_v1_bsp/\libhal_bsp.a(alt_find_dev.o) (memcmp)
d:/intelfpga_lite/18.1/nios2eds/bin/gnu/h-x86_64-mingw32/bin/../lib/gcc/nios2-elf/5.3.0/../../../../../H-x86_64-mingw32/nios2-elf/lib/mno-hw-mul\libsmallc.a(lib_a-strlen.o)
                              ../coursework_v1_bsp/\libhal_bsp.a(alt_find_dev.o) (strlen)

Allocating common symbols
Common symbol       size              file

alt_irq             0x100             ../coursework_v1_bsp/\libhal_bsp.a(alt_irq_handler.o)
errno               0x4               d:/intelfpga_lite/18.1/nios2eds/bin/gnu/h-x86_64-mingw32/bin/../lib/gcc/nios2-elf/5.3.0/../../../../../H-x86_64-mingw32/nios2-elf/lib/mno-hw-mul\libsmallc.a(lib_a-int_errno.o)
prevLetter          0x1               obj/default/hello_world_small.o
button_data         0x4               obj/default/hello_world_small.o
length              0x4               obj/default/hello_world_small.o
text                0x200             obj/default/hello_world_small.o
x_read              0x4               obj/default/hello_world_small.o
led                 0x1               obj/default/hello_world_small.o
level               0x4               obj/default/hello_world_small.o
enteredText         0x100             obj/default/hello_world_small.o
filtered_x_read     0x4               obj/default/hello_world_small.o
acc_dev             0x4               obj/default/hello_world_small.o

Memory Configuration

Name             Origin             Length             Attributes
reset            0x0000000000010000 0x0000000000000020
onchip_memory    0x0000000000010020 0x000000000000ffe0
*default*        0x0000000000000000 0xffffffffffffffff

Linker script and memory map

LOAD ../coursework_v1_bsp//obj/HAL/src/crt0.o
LOAD obj/default/hello_world_small.o
LOAD d:/intelfpga_lite/18.1/nios2eds/bin/gnu/h-x86_64-mingw32/bin/../lib/gcc/nios2-elf/5.3.0/../../../../../H-x86_64-mingw32/nios2-elf/lib/mno-hw-mul\libstdc++.a
LOAD d:/intelfpga_lite/18.1/nios2eds/bin/gnu/h-x86_64-mingw32/bin/../lib/gcc/nios2-elf/5.3.0/../../../../../H-x86_64-mingw32/nios2-elf/lib/mno-hw-mul\libm.a
LOAD d:/intelfpga_lite/18.1/nios2eds/bin/gnu/h-x86_64-mingw32/bin/../lib/gcc/nios2-elf/5.3.0/mno-hw-mul\libgcc.a
START GROUP
LOAD d:/intelfpga_lite/18.1/nios2eds/bin/gnu/h-x86_64-mingw32/bin/../lib/gcc/nios2-elf/5.3.0/../../../../../H-x86_64-mingw32/nios2-elf/lib/mno-hw-mul\libsmallc.a
LOAD d:/intelfpga_lite/18.1/nios2eds/bin/gnu/h-x86_64-mingw32/bin/../lib/gcc/nios2-elf/5.3.0/mno-hw-mul\libgcc.a
LOAD ../coursework_v1_bsp/\libhal_bsp.a
LOAD d:/intelfpga_lite/18.1/nios2eds/bin/gnu/h-x86_64-mingw32/bin/../lib/gcc/nios2-elf/5.3.0/../../../../../H-x86_64-mingw32/nios2-elf/lib/mno-hw-mul\libm.a
END GROUP
LOAD d:/intelfpga_lite/18.1/nios2eds/bin/gnu/h-x86_64-mingw32/bin/../lib/gcc/nios2-elf/5.3.0/mno-hw-mul\libgcc.a
                0x0000000000010000                __alt_mem_onchip_memory = 0x10000

.entry          0x0000000000010000       0x20
 *(.entry)
 .entry         0x0000000000010000       0x20 ../coursework_v1_bsp//obj/HAL/src/crt0.o
                0x0000000000010000                __reset
                0x000000000001000c                _exit

.exceptions     0x0000000000010020      0x160
                0x0000000000010020                PROVIDE (__ram_exceptions_start, ABSOLUTE (.))
                0x0000000000010020                . = ALIGN (0x20)
 *(.irq)
 *(.exceptions.entry.label)
 .exceptions.entry.label
                0x0000000000010020        0x0 ../coursework_v1_bsp/\libhal_bsp.a(alt_irq_entry.o)
                0x0000000000010020                alt_irq_entry
 .exceptions.entry.label
                0x0000000000010020        0x0 ../coursework_v1_bsp/\libhal_bsp.a(alt_exception_entry.o)
                0x0000000000010020                alt_exception
 *(.exceptions.entry.user)
 *(.exceptions.entry.ecc_fatal)
 *(.exceptions.entry)
 .exceptions.entry
                0x0000000000010020       0x54 ../coursework_v1_bsp/\libhal_bsp.a(alt_exception_entry.o)
 *(.exceptions.irqtest.user)
 *(.exceptions.irqtest)
 .exceptions.irqtest
                0x0000000000010074       0x10 ../coursework_v1_bsp/\libhal_bsp.a(alt_irq_entry.o)
 *(.exceptions.irqhandler.user)
 *(.exceptions.irqhandler)
 .exceptions.irqhandler
                0x0000000000010084        0x4 ../coursework_v1_bsp/\libhal_bsp.a(alt_irq_entry.o)
 *(.exceptions.irqreturn.user)
 *(.exceptions.irqreturn)
 .exceptions.irqreturn
                0x0000000000010088        0x4 ../coursework_v1_bsp/\libhal_bsp.a(alt_irq_entry.o)
 *(.exceptions.notirq.label)
 .exceptions.notirq.label
                0x000000000001008c        0x0 ../coursework_v1_bsp/\libhal_bsp.a(alt_irq_entry.o)
 *(.exceptions.notirq.user)
 *(.exceptions.notirq)
 .exceptions.notirq
                0x000000000001008c        0x8 ../coursework_v1_bsp/\libhal_bsp.a(alt_exception_entry.o)
 *(.exceptions.soft.user)
 *(.exceptions.soft)
 *(.exceptions.unknown.user)
 *(.exceptions.unknown)
 .exceptions.unknown
                0x0000000000010094       0x14 ../coursework_v1_bsp/\libhal_bsp.a(alt_exception_entry.o)
 *(.exceptions.exit.label)
 .exceptions.exit.label
                0x00000000000100a8        0x0 ../coursework_v1_bsp/\libhal_bsp.a(alt_irq_entry.o)
 .exceptions.exit.label
                0x00000000000100a8        0x0 ../coursework_v1_bsp/\libhal_bsp.a(alt_exception_entry.o)
 *(.exceptions.exit.user)
 *(.exceptions.exit)
 .exceptions.exit
                0x00000000000100a8       0x54 ../coursework_v1_bsp/\libhal_bsp.a(alt_exception_entry.o)
 *(.exceptions)
 .exceptions    0x00000000000100fc       0x60 ../coursework_v1_bsp/\libhal_bsp.a(alt_irq_handler.o)
                0x00000000000100fc                alt_irq_handler
 .exceptions    0x000000000001015c       0x24 ../coursework_v1_bsp/\libhal_bsp.a(alt_instruction_exception_entry.o)
                0x000000000001015c                alt_instruction_exception_entry
                0x0000000000010180                PROVIDE (__ram_exceptions_end, ABSOLUTE (.))
                0x0000000000010020                PROVIDE (__flash_exceptions_start, LOADADDR (.exceptions))

.text           0x0000000000010180     0x1894
                [!provide]                        PROVIDE (stext, ABSOLUTE (.))
 *(.interp)
 *(.hash)
 *(.dynsym)
 *(.dynstr)
 *(.gnu.version)
 *(.gnu.version_d)
 *(.gnu.version_r)
 *(.rel.init)
 *(.rela.init)
 *(.rel.text .rel.text.* .rel.gnu.linkonce.t.*)
 *(.rela.text .rela.text.* .rela.gnu.linkonce.t.*)
 *(.rel.fini)
 *(.rela.fini)
 *(.rel.rodata .rel.rodata.* .rel.gnu.linkonce.r.*)
 *(.rela.rodata .rela.rodata.* .rela.gnu.linkonce.r.*)
 *(.rel.data .rel.data.* .rel.gnu.linkonce.d.*)
 *(.rela.data .rela.data.* .rela.gnu.linkonce.d.*)
 *(.rel.tdata .rel.tdata.* .rel.gnu.linkonce.td.*)
 *(.rela.tdata .rela.tdata.* .rela.gnu.linkonce.td.*)
 *(.rel.tbss .rel.tbss.* .rel.gnu.linkonce.tb.*)
 *(.rela.tbss .rela.tbss.* .rela.gnu.linkonce.tb.*)
 *(.rel.ctors)
 *(.rela.ctors)
 *(.rel.dtors)
 *(.rela.dtors)
 *(.rel.got)
 *(.rela.got)
 *(.rel.sdata .rel.sdata.* .rel.gnu.linkonce.s.*)
 *(.rela.sdata .rela.sdata.* .rela.gnu.linkonce.s.*)
 *(.rel.sbss .rel.sbss.* .rel.gnu.linkonce.sb.*)
 *(.rela.sbss .rela.sbss.* .rela.gnu.linkonce.sb.*)
 *(.rel.sdata2 .rel.sdata2.* .rel.gnu.linkonce.s2.*)
 *(.rela.sdata2 .rela.sdata2.* .rela.gnu.linkonce.s2.*)
 *(.rel.sbss2 .rel.sbss2.* .rel.gnu.linkonce.sb2.*)
 *(.rela.sbss2 .rela.sbss2.* .rela.gnu.linkonce.sb2.*)
 *(.rel.bss .rel.bss.* .rel.gnu.linkonce.b.*)
 *(.rela.bss .rela.bss.* .rela.gnu.linkonce.b.*)
 *(.rel.plt)
 *(.rela.plt)
 *(.rel.dyn)
 *(.init)
 *(.plt)
 *(.text .stub .text.* .gnu.linkonce.t.*)
 .text          0x0000000000010180       0x3c ../coursework_v1_bsp//obj/HAL/src/crt0.o
                0x0000000000010180                _start
 .text          0x00000000000101bc      0x5a0 obj/default/hello_world_small.o
                0x00000000000101bc                getTxt
                0x0000000000010244                getActualText
                0x00000000000102e4                clearActualText
                0x000000000001030c                updateText
                0x0000000000010354                getBin
                0x0000000000010380                print
                0x00000000000103d4                timer_init
                0x0000000000010444                SevenSegmentDisplay
                0x0000000000010520                led_write
                0x0000000000010538                convert_read
                0x000000000001056c                apply_filter
                0x0000000000010618                button_display
                0x0000000000010690                sys_timer_isr
 .text.startup  0x000000000001075c       0x9c obj/default/hello_world_small.o
                0x000000000001075c                main
 .text          0x00000000000107f8      0x4c8 d:/intelfpga_lite/18.1/nios2eds/bin/gnu/h-x86_64-mingw32/bin/../lib/gcc/nios2-elf/5.3.0/mno-hw-mul\libgcc.a(addsf3.o)
                0x00000000000107f8                __addsf3
 .text          0x0000000000010cc0      0x430 d:/intelfpga_lite/18.1/nios2eds/bin/gnu/h-x86_64-mingw32/bin/../lib/gcc/nios2-elf/5.3.0/mno-hw-mul\libgcc.a(mulsf3.o)
                0x0000000000010cc0                __mulsf3
 .text          0x00000000000110f0      0x124 d:/intelfpga_lite/18.1/nios2eds/bin/gnu/h-x86_64-mingw32/bin/../lib/gcc/nios2-elf/5.3.0/mno-hw-mul\libgcc.a(floatsisf.o)
                0x00000000000110f0                __floatsisf
 .text          0x0000000000011214       0x64 d:/intelfpga_lite/18.1/nios2eds/bin/gnu/h-x86_64-mingw32/bin/../lib/gcc/nios2-elf/5.3.0/mno-hw-mul\libgcc.a(_clzsi2.o)
                0x0000000000011214                __clzsi2
 .text          0x0000000000011278       0x28 d:/intelfpga_lite/18.1/nios2eds/bin/gnu/h-x86_64-mingw32/bin/../lib/gcc/nios2-elf/5.3.0/mno-hw-mul\libgcc.a(lib2-mul.o)
                0x0000000000011278                __mulsi3
 .text          0x00000000000112a0        0x0 d:/intelfpga_lite/18.1/nios2eds/bin/gnu/h-x86_64-mingw32/bin/../lib/gcc/nios2-elf/5.3.0/mno-hw-mul\libgcc.a(_clz.o)
 .text          0x00000000000112a0       0x44 ../coursework_v1_bsp/\libhal_bsp.a(alt_getchar.o)
                0x00000000000112a0                alt_getchar
 .text          0x00000000000112e4       0x94 ../coursework_v1_bsp/\libhal_bsp.a(alt_irq_register.o)
                0x00000000000112e4                alt_irq_register
 .text          0x0000000000011378        0x0 ../coursework_v1_bsp/\libhal_bsp.a(alt_irq_vars.o)
 .text          0x0000000000011378       0xe0 ../coursework_v1_bsp/\libhal_bsp.a(alt_load.o)
                0x0000000000011378                alt_load
 .text          0x0000000000011458       0x2c ../coursework_v1_bsp/\libhal_bsp.a(alt_main.o)
                0x0000000000011458                alt_main
 .text          0x0000000000011484      0x170 ../coursework_v1_bsp/\libhal_bsp.a(alt_printf.o)
                0x0000000000011484                alt_printf
 .text          0x00000000000115f4       0x48 ../coursework_v1_bsp/\libhal_bsp.a(alt_putchar.o)
                0x00000000000115f4                alt_putchar
 .text          0x000000000001163c       0x30 ../coursework_v1_bsp/\libhal_bsp.a(alt_sys_init.o)
                0x000000000001163c                alt_irq_init
                0x000000000001165c                alt_sys_init
 .text          0x000000000001166c       0x5c ../coursework_v1_bsp/\libhal_bsp.a(altera_avalon_jtag_uart_read.o)
                0x000000000001166c                altera_avalon_jtag_uart_read
 .text          0x00000000000116c8       0x34 ../coursework_v1_bsp/\libhal_bsp.a(altera_avalon_jtag_uart_write.o)
                0x00000000000116c8                altera_avalon_jtag_uart_write
 .text          0x00000000000116fc      0x160 ../coursework_v1_bsp/\libhal_bsp.a(altera_up_avalon_accelerometer_spi.o)
                0x00000000000116fc                alt_up_accelerometer_spi_open_dev
                0x0000000000011704                alt_up_accelerometer_spi_read_address_register
                0x0000000000011718                alt_up_accelerometer_spi_read
                0x0000000000011738                alt_up_accelerometer_spi_write
                0x0000000000011754                alt_up_accelerometer_spi_read_x_axis
                0x00000000000117ac                alt_up_accelerometer_spi_read_y_axis
                0x0000000000011804                alt_up_accelerometer_spi_read_z_axis
 .text          0x000000000001185c        0x4 ../coursework_v1_bsp/\libhal_bsp.a(alt_dcache_flush_all.o)
                0x000000000001185c                alt_dcache_flush_all
 .text          0x0000000000011860        0x8 ../coursework_v1_bsp/\libhal_bsp.a(alt_dev.o)
 .text          0x0000000000011868       0x6c ../coursework_v1_bsp/\libhal_bsp.a(alt_dev_llist_insert.o)
                0x0000000000011868                alt_dev_llist_insert
 .text          0x00000000000118d4        0x0 ../coursework_v1_bsp/\libhal_bsp.a(alt_errno.o)
 .text          0x00000000000118d4       0x74 ../coursework_v1_bsp/\libhal_bsp.a(alt_find_dev.o)
                0x00000000000118d4                alt_find_dev
 .text          0x0000000000011948        0x4 ../coursework_v1_bsp/\libhal_bsp.a(alt_icache_flush_all.o)
                0x0000000000011948                alt_icache_flush_all
 .text          0x000000000001194c        0x0 ../coursework_v1_bsp/\libhal_bsp.a(alt_irq_entry.o)
 .text          0x000000000001194c        0x0 ../coursework_v1_bsp/\libhal_bsp.a(alt_irq_handler.o)
 .text          0x000000000001194c        0x8 ../coursework_v1_bsp/\libhal_bsp.a(altera_nios2_gen2_irq.o)
                0x000000000001194c                altera_nios2_gen2_irq_init
 .text          0x0000000000011954        0x0 ../coursework_v1_bsp/\libhal_bsp.a(alt_exception_entry.o)
 .text          0x0000000000011954       0x74 ../coursework_v1_bsp/\libhal_bsp.a(alt_instruction_exception_entry.o)
                0x0000000000011954                alt_exception_cause_generated_bad_addr
 .text          0x00000000000119c8        0x0 d:/intelfpga_lite/18.1/nios2eds/bin/gnu/h-x86_64-mingw32/bin/../lib/gcc/nios2-elf/5.3.0/../../../../../H-x86_64-mingw32/nios2-elf/lib/mno-hw-mul\libsmallc.a(lib_a-int_errno.o)
 .text          0x00000000000119c8        0x0 d:/intelfpga_lite/18.1/nios2eds/bin/gnu/h-x86_64-mingw32/bin/../lib/gcc/nios2-elf/5.3.0/../../../../../H-x86_64-mingw32/nios2-elf/lib/mno-hw-mul\libsmallc.a(lib_a-memcmp.o)
 .text.memcmp   0x00000000000119c8       0x30 d:/intelfpga_lite/18.1/nios2eds/bin/gnu/h-x86_64-mingw32/bin/../lib/gcc/nios2-elf/5.3.0/../../../../../H-x86_64-mingw32/nios2-elf/lib/mno-hw-mul\libsmallc.a(lib_a-memcmp.o)
                0x00000000000119c8                memcmp
 .text          0x00000000000119f8        0x0 d:/intelfpga_lite/18.1/nios2eds/bin/gnu/h-x86_64-mingw32/bin/../lib/gcc/nios2-elf/5.3.0/../../../../../H-x86_64-mingw32/nios2-elf/lib/mno-hw-mul\libsmallc.a(lib_a-strlen.o)
 .text.strlen   0x00000000000119f8       0x1c d:/intelfpga_lite/18.1/nios2eds/bin/gnu/h-x86_64-mingw32/bin/../lib/gcc/nios2-elf/5.3.0/../../../../../H-x86_64-mingw32/nios2-elf/lib/mno-hw-mul\libsmallc.a(lib_a-strlen.o)
                0x00000000000119f8                strlen
 *(.gnu.warning.*)
 *(.fini)
                [!provide]                        PROVIDE (__etext, ABSOLUTE (.))
                [!provide]                        PROVIDE (_etext, ABSOLUTE (.))
                [!provide]                        PROVIDE (etext, ABSOLUTE (.))
 *(.eh_frame_hdr)
                0x0000000000011a14                . = ALIGN (0x4)
                [!provide]                        PROVIDE (__preinit_array_start, ABSOLUTE (.))
 *(.preinit_array)
                [!provide]                        PROVIDE (__preinit_array_end, ABSOLUTE (.))
                [!provide]                        PROVIDE (__init_array_start, ABSOLUTE (.))
 *(.init_array)
                [!provide]                        PROVIDE (__init_array_end, ABSOLUTE (.))
                [!provide]                        PROVIDE (__fini_array_start, ABSOLUTE (.))
 *(.fini_array)
                [!provide]                        PROVIDE (__fini_array_end, ABSOLUTE (.))
 *(.eh_frame)
 *(.gcc_except_table .gcc_except_table.*)
 *(.dynamic)
                [!provide]                        PROVIDE (__CTOR_LIST__, ABSOLUTE (.))
 *(.ctors)
 *(SORT(.ctors.*))
                [!provide]                        PROVIDE (__CTOR_END__, ABSOLUTE (.))
                [!provide]                        PROVIDE (__DTOR_LIST__, ABSOLUTE (.))
 *(.dtors)
 *(SORT(.dtors.*))
                [!provide]                        PROVIDE (__DTOR_END__, ABSOLUTE (.))
 *(.jcr)
                0x0000000000011a14                . = ALIGN (0x4)

.rodata         0x0000000000011a14      0x1c0
                0x0000000000011a14                PROVIDE (__ram_rodata_start, ABSOLUTE (.))
                0x0000000000011a14                . = ALIGN (0x4)
 *(.rodata .rodata.* .gnu.linkonce.r.*)
 .rodata.str1.4
                0x0000000000011a14       0x86 obj/default/hello_world_small.o
 .rodata        0x0000000000011a9a       0x2b obj/default/hello_world_small.o
 .rodata        0x0000000000011ac5      0x100 d:/intelfpga_lite/18.1/nios2eds/bin/gnu/h-x86_64-mingw32/bin/../lib/gcc/nios2-elf/5.3.0/mno-hw-mul\libgcc.a(_clz.o)
                0x0000000000011ac5                __clz_tab
 .rodata.str1.4
                0x0000000000011bc5       0x17 ../coursework_v1_bsp/\libhal_bsp.a(alt_sys_init.o)
 *fill*         0x0000000000011bc5        0x3 
 .rodata.str1.4
                0x0000000000011bc8        0xc ../coursework_v1_bsp/\libhal_bsp.a(alt_dev.o)
                                          0xa (size before relaxing)
 *(.rodata1)
                0x0000000000011bd4                . = ALIGN (0x4)
                0x0000000000011bd4                PROVIDE (__ram_rodata_end, ABSOLUTE (.))
                0x0000000000011a14                PROVIDE (__flash_rodata_start, LOADADDR (.rodata))

.rwdata         0x0000000000011bd4       0xb8 load address 0x0000000000011c8c
                0x0000000000011bd4                PROVIDE (__ram_rwdata_start, ABSOLUTE (.))
                0x0000000000011bd4                . = ALIGN (0x4)
 *(.got.plt)
 *(.got)
 *(.data1)
 *(.data .data.* .gnu.linkonce.d.*)
 .data          0x0000000000011bd4        0x0 ../coursework_v1_bsp//obj/HAL/src/crt0.o
 .data          0x0000000000011bd4       0x14 obj/default/hello_world_small.o
                0x0000000000011bd4                filter_coeffs
 .data          0x0000000000011be8        0x0 d:/intelfpga_lite/18.1/nios2eds/bin/gnu/h-x86_64-mingw32/bin/../lib/gcc/nios2-elf/5.3.0/mno-hw-mul\libgcc.a(addsf3.o)
 .data          0x0000000000011be8        0x0 d:/intelfpga_lite/18.1/nios2eds/bin/gnu/h-x86_64-mingw32/bin/../lib/gcc/nios2-elf/5.3.0/mno-hw-mul\libgcc.a(mulsf3.o)
 .data          0x0000000000011be8        0x0 d:/intelfpga_lite/18.1/nios2eds/bin/gnu/h-x86_64-mingw32/bin/../lib/gcc/nios2-elf/5.3.0/mno-hw-mul\libgcc.a(floatsisf.o)
 .data          0x0000000000011be8        0x0 d:/intelfpga_lite/18.1/nios2eds/bin/gnu/h-x86_64-mingw32/bin/../lib/gcc/nios2-elf/5.3.0/mno-hw-mul\libgcc.a(_clzsi2.o)
 .data          0x0000000000011be8        0x0 d:/intelfpga_lite/18.1/nios2eds/bin/gnu/h-x86_64-mingw32/bin/../lib/gcc/nios2-elf/5.3.0/mno-hw-mul\libgcc.a(lib2-mul.o)
 .data          0x0000000000011be8        0x0 d:/intelfpga_lite/18.1/nios2eds/bin/gnu/h-x86_64-mingw32/bin/../lib/gcc/nios2-elf/5.3.0/mno-hw-mul\libgcc.a(_clz.o)
 .data          0x0000000000011be8        0x0 ../coursework_v1_bsp/\libhal_bsp.a(alt_getchar.o)
 .data          0x0000000000011be8        0x0 ../coursework_v1_bsp/\libhal_bsp.a(alt_irq_register.o)
 .data          0x0000000000011be8        0x0 ../coursework_v1_bsp/\libhal_bsp.a(alt_irq_vars.o)
 .data          0x0000000000011be8        0x0 ../coursework_v1_bsp/\libhal_bsp.a(alt_load.o)
 .data          0x0000000000011be8        0x0 ../coursework_v1_bsp/\libhal_bsp.a(alt_main.o)
 .data          0x0000000000011be8        0x0 ../coursework_v1_bsp/\libhal_bsp.a(alt_printf.o)
 .data          0x0000000000011be8        0x0 ../coursework_v1_bsp/\libhal_bsp.a(alt_putchar.o)
 .data          0x0000000000011be8       0x2c ../coursework_v1_bsp/\libhal_bsp.a(alt_sys_init.o)
 .data          0x0000000000011c14        0x0 ../coursework_v1_bsp/\libhal_bsp.a(altera_avalon_jtag_uart_read.o)
 .data          0x0000000000011c14        0x0 ../coursework_v1_bsp/\libhal_bsp.a(altera_avalon_jtag_uart_write.o)
 .data          0x0000000000011c14        0x0 ../coursework_v1_bsp/\libhal_bsp.a(altera_up_avalon_accelerometer_spi.o)
 .data          0x0000000000011c14        0x0 ../coursework_v1_bsp/\libhal_bsp.a(alt_dcache_flush_all.o)
 .data          0x0000000000011c14       0x58 ../coursework_v1_bsp/\libhal_bsp.a(alt_dev.o)
                0x0000000000011c14                alt_fd_list
                0x0000000000011c44                alt_dev_null
 .data          0x0000000000011c6c        0x0 ../coursework_v1_bsp/\libhal_bsp.a(alt_dev_llist_insert.o)
 .data          0x0000000000011c6c        0x0 ../coursework_v1_bsp/\libhal_bsp.a(alt_errno.o)
 .data          0x0000000000011c6c        0x0 ../coursework_v1_bsp/\libhal_bsp.a(alt_find_dev.o)
 .data          0x0000000000011c6c        0x0 ../coursework_v1_bsp/\libhal_bsp.a(alt_icache_flush_all.o)
 .data          0x0000000000011c6c        0x0 ../coursework_v1_bsp/\libhal_bsp.a(alt_irq_entry.o)
 .data          0x0000000000011c6c        0x0 ../coursework_v1_bsp/\libhal_bsp.a(alt_irq_handler.o)
 .data          0x0000000000011c6c        0x0 ../coursework_v1_bsp/\libhal_bsp.a(altera_nios2_gen2_irq.o)
 .data          0x0000000000011c6c        0x0 ../coursework_v1_bsp/\libhal_bsp.a(alt_exception_entry.o)
 .data          0x0000000000011c6c        0x0 ../coursework_v1_bsp/\libhal_bsp.a(alt_instruction_exception_entry.o)
 .data          0x0000000000011c6c        0x0 d:/intelfpga_lite/18.1/nios2eds/bin/gnu/h-x86_64-mingw32/bin/../lib/gcc/nios2-elf/5.3.0/../../../../../H-x86_64-mingw32/nios2-elf/lib/mno-hw-mul\libsmallc.a(lib_a-int_errno.o)
 .data          0x0000000000011c6c        0x0 d:/intelfpga_lite/18.1/nios2eds/bin/gnu/h-x86_64-mingw32/bin/../lib/gcc/nios2-elf/5.3.0/../../../../../H-x86_64-mingw32/nios2-elf/lib/mno-hw-mul\libsmallc.a(lib_a-memcmp.o)
 .data          0x0000000000011c6c        0x0 d:/intelfpga_lite/18.1/nios2eds/bin/gnu/h-x86_64-mingw32/bin/../lib/gcc/nios2-elf/5.3.0/../../../../../H-x86_64-mingw32/nios2-elf/lib/mno-hw-mul\libsmallc.a(lib_a-strlen.o)
                0x0000000000019c6c                _gp = ABSOLUTE ((. + 0x8000))
                [!provide]                        PROVIDE (gp, _gp)
 *(.rwdata .rwdata.*)
 *(.sdata .sdata.* .gnu.linkonce.s.*)
 .sdata         0x0000000000011c6c        0x4 ../coursework_v1_bsp/\libhal_bsp.a(alt_irq_vars.o)
                0x0000000000011c6c                alt_priority_mask
 .sdata         0x0000000000011c70        0x4 ../coursework_v1_bsp/\libhal_bsp.a(alt_sys_init.o)
                0x0000000000011c70                jtag_uart
 .sdata         0x0000000000011c74       0x14 ../coursework_v1_bsp/\libhal_bsp.a(alt_dev.o)
                0x0000000000011c74                alt_max_fd
                0x0000000000011c78                alt_dev_list
                0x0000000000011c80                alt_fs_list
 .sdata         0x0000000000011c88        0x4 ../coursework_v1_bsp/\libhal_bsp.a(alt_errno.o)
                0x0000000000011c88                alt_errno
 *(.sdata2 .sdata2.* .gnu.linkonce.s2.*)
                0x0000000000011c8c                . = ALIGN (0x4)
                0x0000000000011c8c                _edata = ABSOLUTE (.)
                [!provide]                        PROVIDE (edata, ABSOLUTE (.))
                0x0000000000011c8c                PROVIDE (__ram_rwdata_end, ABSOLUTE (.))
                0x0000000000011c8c                PROVIDE (__flash_rwdata_start, LOADADDR (.rwdata))

.bss            0x0000000000011d44      0x450
                0x0000000000011d44                __bss_start = ABSOLUTE (.)
                [!provide]                        PROVIDE (__sbss_start, ABSOLUTE (.))
                [!provide]                        PROVIDE (___sbss_start, ABSOLUTE (.))
 *(.dynsbss)
 *(.sbss .sbss.* .gnu.linkonce.sb.*)
 .sbss          0x0000000000011d44        0x1 obj/default/hello_world_small.o
                0x0000000000011d44                pwm
 *fill*         0x0000000000011d45        0x3 
 .sbss          0x0000000000011d48       0x20 obj/default/hello_world_small.o
                0x0000000000011d48                prevLetter
                0x0000000000011d4c                button_data
                0x0000000000011d50                length
                0x0000000000011d54                x_read
                0x0000000000011d58                led
                0x0000000000011d5c                level
                0x0000000000011d60                filtered_x_read
                0x0000000000011d64                acc_dev
 .sbss          0x0000000000011d68        0x4 ../coursework_v1_bsp/\libhal_bsp.a(alt_irq_vars.o)
                0x0000000000011d68                alt_irq_active
 .sbss          0x0000000000011d6c        0xc ../coursework_v1_bsp/\libhal_bsp.a(alt_main.o)
                0x0000000000011d6c                alt_envp
                0x0000000000011d70                alt_argv
                0x0000000000011d74                alt_argc
 .sbss          0x0000000000011d78        0x4 ../coursework_v1_bsp/\libhal_bsp.a(alt_instruction_exception_entry.o)
                0x0000000000011d78                alt_instruction_exception_handler
 .sbss          0x0000000000011d7c        0x4 d:/intelfpga_lite/18.1/nios2eds/bin/gnu/h-x86_64-mingw32/bin/../lib/gcc/nios2-elf/5.3.0/../../../../../H-x86_64-mingw32/nios2-elf/lib/mno-hw-mul\libsmallc.a(lib_a-int_errno.o)
                0x0000000000011d7c                errno
 *(.sbss2 .sbss2.* .gnu.linkonce.sb2.*)
 *(.scommon)
                [!provide]                        PROVIDE (__sbss_end, ABSOLUTE (.))
                [!provide]                        PROVIDE (___sbss_end, ABSOLUTE (.))
 *(.dynbss)
 *(.bss .bss.* .gnu.linkonce.b.*)
 .bss           0x0000000000011d80        0x0 ../coursework_v1_bsp//obj/HAL/src/crt0.o
 .bss           0x0000000000011d80       0x14 obj/default/hello_world_small.o
                0x0000000000011d80                filter_buffer
 .bss           0x0000000000011d94        0x0 d:/intelfpga_lite/18.1/nios2eds/bin/gnu/h-x86_64-mingw32/bin/../lib/gcc/nios2-elf/5.3.0/mno-hw-mul\libgcc.a(addsf3.o)
 .bss           0x0000000000011d94        0x0 d:/intelfpga_lite/18.1/nios2eds/bin/gnu/h-x86_64-mingw32/bin/../lib/gcc/nios2-elf/5.3.0/mno-hw-mul\libgcc.a(mulsf3.o)
 .bss           0x0000000000011d94        0x0 d:/intelfpga_lite/18.1/nios2eds/bin/gnu/h-x86_64-mingw32/bin/../lib/gcc/nios2-elf/5.3.0/mno-hw-mul\libgcc.a(floatsisf.o)
 .bss           0x0000000000011d94        0x0 d:/intelfpga_lite/18.1/nios2eds/bin/gnu/h-x86_64-mingw32/bin/../lib/gcc/nios2-elf/5.3.0/mno-hw-mul\libgcc.a(_clzsi2.o)
 .bss           0x0000000000011d94        0x0 d:/intelfpga_lite/18.1/nios2eds/bin/gnu/h-x86_64-mingw32/bin/../lib/gcc/nios2-elf/5.3.0/mno-hw-mul\libgcc.a(lib2-mul.o)
 .bss           0x0000000000011d94        0x0 d:/intelfpga_lite/18.1/nios2eds/bin/gnu/h-x86_64-mingw32/bin/../lib/gcc/nios2-elf/5.3.0/mno-hw-mul\libgcc.a(_clz.o)
 .bss           0x0000000000011d94        0x0 ../coursework_v1_bsp/\libhal_bsp.a(alt_getchar.o)
 .bss           0x0000000000011d94        0x0 ../coursework_v1_bsp/\libhal_bsp.a(alt_irq_register.o)
 .bss           0x0000000000011d94        0x0 ../coursework_v1_bsp/\libhal_bsp.a(alt_irq_vars.o)
 .bss           0x0000000000011d94        0x0 ../coursework_v1_bsp/\libhal_bsp.a(alt_load.o)
 .bss           0x0000000000011d94        0x0 ../coursework_v1_bsp/\libhal_bsp.a(alt_main.o)
 .bss           0x0000000000011d94        0x0 ../coursework_v1_bsp/\libhal_bsp.a(alt_printf.o)
 .bss           0x0000000000011d94        0x0 ../coursework_v1_bsp/\libhal_bsp.a(alt_putchar.o)
 .bss           0x0000000000011d94        0x0 ../coursework_v1_bsp/\libhal_bsp.a(alt_sys_init.o)
 .bss           0x0000000000011d94        0x0 ../coursework_v1_bsp/\libhal_bsp.a(altera_avalon_jtag_uart_read.o)
 .bss           0x0000000000011d94        0x0 ../coursework_v1_bsp/\libhal_bsp.a(altera_avalon_jtag_uart_write.o)
 .bss           0x0000000000011d94        0x0 ../coursework_v1_bsp/\libhal_bsp.a(altera_up_avalon_accelerometer_spi.o)
 .bss           0x0000000000011d94        0x0 ../coursework_v1_bsp/\libhal_bsp.a(alt_dcache_flush_all.o)
 .bss           0x0000000000011d94        0x0 ../coursework_v1_bsp/\libhal_bsp.a(alt_dev.o)
 .bss           0x0000000000011d94        0x0 ../coursework_v1_bsp/\libhal_bsp.a(alt_dev_llist_insert.o)
 .bss           0x0000000000011d94        0x0 ../coursework_v1_bsp/\libhal_bsp.a(alt_errno.o)
 .bss           0x0000000000011d94        0x0 ../coursework_v1_bsp/\libhal_bsp.a(alt_find_dev.o)
 .bss           0x0000000000011d94        0x0 ../coursework_v1_bsp/\libhal_bsp.a(alt_icache_flush_all.o)
 .bss           0x0000000000011d94        0x0 ../coursework_v1_bsp/\libhal_bsp.a(alt_irq_entry.o)
 .bss           0x0000000000011d94        0x0 ../coursework_v1_bsp/\libhal_bsp.a(alt_irq_handler.o)
 .bss           0x0000000000011d94        0x0 ../coursework_v1_bsp/\libhal_bsp.a(altera_nios2_gen2_irq.o)
 .bss           0x0000000000011d94        0x0 ../coursework_v1_bsp/\libhal_bsp.a(alt_exception_entry.o)
 .bss           0x0000000000011d94        0x0 ../coursework_v1_bsp/\libhal_bsp.a(alt_instruction_exception_entry.o)
 .bss           0x0000000000011d94        0x0 d:/intelfpga_lite/18.1/nios2eds/bin/gnu/h-x86_64-mingw32/bin/../lib/gcc/nios2-elf/5.3.0/../../../../../H-x86_64-mingw32/nios2-elf/lib/mno-hw-mul\libsmallc.a(lib_a-int_errno.o)
 .bss           0x0000000000011d94        0x0 d:/intelfpga_lite/18.1/nios2eds/bin/gnu/h-x86_64-mingw32/bin/../lib/gcc/nios2-elf/5.3.0/../../../../../H-x86_64-mingw32/nios2-elf/lib/mno-hw-mul\libsmallc.a(lib_a-memcmp.o)
 .bss           0x0000000000011d94        0x0 d:/intelfpga_lite/18.1/nios2eds/bin/gnu/h-x86_64-mingw32/bin/../lib/gcc/nios2-elf/5.3.0/../../../../../H-x86_64-mingw32/nios2-elf/lib/mno-hw-mul\libsmallc.a(lib_a-strlen.o)
 *(COMMON)
 COMMON         0x0000000000011d94      0x300 obj/default/hello_world_small.o
                0x0000000000011d94                text
                0x0000000000011f94                enteredText
 COMMON         0x0000000000012094      0x100 ../coursework_v1_bsp/\libhal_bsp.a(alt_irq_handler.o)
                0x0000000000012094                alt_irq
                0x0000000000012194                . = ALIGN (0x4)
                0x0000000000012194                __bss_end = ABSOLUTE (.)

.onchip_memory  0x0000000000012194        0x0
                [!provide]                        PROVIDE (_alt_partition_onchip_memory_start, ABSOLUTE (.))
 *(.onchip_memory .onchip_memory. onchip_memory.*)
                0x0000000000012194                . = ALIGN (0x4)
                [!provide]                        PROVIDE (_alt_partition_onchip_memory_end, ABSOLUTE (.))
                0x0000000000012194                _end = ABSOLUTE (.)
                0x0000000000012194                end = ABSOLUTE (.)
                0x0000000000012194                __alt_stack_base = ABSOLUTE (.)
                [!provide]                        PROVIDE (_alt_partition_onchip_memory_load_addr, LOADADDR (.onchip_memory))

.stab
 *(.stab)

.stabstr
 *(.stabstr)

.stab.excl
 *(.stab.excl)

.stab.exclstr
 *(.stab.exclstr)

.stab.index
 *(.stab.index)

.stab.indexstr
 *(.stab.indexstr)

.comment        0x0000000000000000       0x23
 *(.comment)
 .comment       0x0000000000000000       0x23 obj/default/hello_world_small.o
                                         0x24 (size before relaxing)
 .comment       0x0000000000000023       0x24 d:/intelfpga_lite/18.1/nios2eds/bin/gnu/h-x86_64-mingw32/bin/../lib/gcc/nios2-elf/5.3.0/mno-hw-mul\libgcc.a(addsf3.o)
 .comment       0x0000000000000023       0x24 d:/intelfpga_lite/18.1/nios2eds/bin/gnu/h-x86_64-mingw32/bin/../lib/gcc/nios2-elf/5.3.0/mno-hw-mul\libgcc.a(mulsf3.o)
 .comment       0x0000000000000023       0x24 d:/intelfpga_lite/18.1/nios2eds/bin/gnu/h-x86_64-mingw32/bin/../lib/gcc/nios2-elf/5.3.0/mno-hw-mul\libgcc.a(floatsisf.o)
 .comment       0x0000000000000023       0x24 d:/intelfpga_lite/18.1/nios2eds/bin/gnu/h-x86_64-mingw32/bin/../lib/gcc/nios2-elf/5.3.0/mno-hw-mul\libgcc.a(_clzsi2.o)
 .comment       0x0000000000000023       0x24 d:/intelfpga_lite/18.1/nios2eds/bin/gnu/h-x86_64-mingw32/bin/../lib/gcc/nios2-elf/5.3.0/mno-hw-mul\libgcc.a(lib2-mul.o)
 .comment       0x0000000000000023       0x24 d:/intelfpga_lite/18.1/nios2eds/bin/gnu/h-x86_64-mingw32/bin/../lib/gcc/nios2-elf/5.3.0/mno-hw-mul\libgcc.a(_clz.o)
 .comment       0x0000000000000023       0x24 ../coursework_v1_bsp/\libhal_bsp.a(alt_getchar.o)
 .comment       0x0000000000000023       0x24 ../coursework_v1_bsp/\libhal_bsp.a(alt_irq_register.o)
 .comment       0x0000000000000023       0x24 ../coursework_v1_bsp/\libhal_bsp.a(alt_irq_vars.o)
 .comment       0x0000000000000023       0x24 ../coursework_v1_bsp/\libhal_bsp.a(alt_load.o)
 .comment       0x0000000000000023       0x24 ../coursework_v1_bsp/\libhal_bsp.a(alt_main.o)
 .comment       0x0000000000000023       0x24 ../coursework_v1_bsp/\libhal_bsp.a(alt_printf.o)
 .comment       0x0000000000000023       0x24 ../coursework_v1_bsp/\libhal_bsp.a(alt_putchar.o)
 .comment       0x0000000000000023       0x24 ../coursework_v1_bsp/\libhal_bsp.a(alt_sys_init.o)
 .comment       0x0000000000000023       0x24 ../coursework_v1_bsp/\libhal_bsp.a(altera_avalon_jtag_uart_read.o)
 .comment       0x0000000000000023       0x24 ../coursework_v1_bsp/\libhal_bsp.a(altera_avalon_jtag_uart_write.o)
 .comment       0x0000000000000023       0x24 ../coursework_v1_bsp/\libhal_bsp.a(altera_up_avalon_accelerometer_spi.o)
 .comment       0x0000000000000023       0x24 ../coursework_v1_bsp/\libhal_bsp.a(alt_dcache_flush_all.o)
 .comment       0x0000000000000023       0x24 ../coursework_v1_bsp/\libhal_bsp.a(alt_dev.o)
 .comment       0x0000000000000023       0x24 ../coursework_v1_bsp/\libhal_bsp.a(alt_dev_llist_insert.o)
 .comment       0x0000000000000023       0x24 ../coursework_v1_bsp/\libhal_bsp.a(alt_errno.o)
 .comment       0x0000000000000023       0x24 ../coursework_v1_bsp/\libhal_bsp.a(alt_find_dev.o)
 .comment       0x0000000000000023       0x24 ../coursework_v1_bsp/\libhal_bsp.a(alt_icache_flush_all.o)
 .comment       0x0000000000000023       0x24 ../coursework_v1_bsp/\libhal_bsp.a(alt_irq_handler.o)
 .comment       0x0000000000000023       0x24 ../coursework_v1_bsp/\libhal_bsp.a(altera_nios2_gen2_irq.o)
 .comment       0x0000000000000023       0x24 ../coursework_v1_bsp/\libhal_bsp.a(alt_instruction_exception_entry.o)
 .comment       0x0000000000000023       0x24 d:/intelfpga_lite/18.1/nios2eds/bin/gnu/h-x86_64-mingw32/bin/../lib/gcc/nios2-elf/5.3.0/../../../../../H-x86_64-mingw32/nios2-elf/lib/mno-hw-mul\libsmallc.a(lib_a-int_errno.o)
 .comment       0x0000000000000023       0x24 d:/intelfpga_lite/18.1/nios2eds/bin/gnu/h-x86_64-mingw32/bin/../lib/gcc/nios2-elf/5.3.0/../../../../../H-x86_64-mingw32/nios2-elf/lib/mno-hw-mul\libsmallc.a(lib_a-memcmp.o)
 .comment       0x0000000000000023       0x24 d:/intelfpga_lite/18.1/nios2eds/bin/gnu/h-x86_64-mingw32/bin/../lib/gcc/nios2-elf/5.3.0/../../../../../H-x86_64-mingw32/nios2-elf/lib/mno-hw-mul\libsmallc.a(lib_a-strlen.o)

.debug
 *(.debug)

.line
 *(.line)

.debug_srcinfo
 *(.debug_srcinfo)

.debug_sfnames
 *(.debug_sfnames)

.debug_aranges  0x0000000000000000      0x440
 *(.debug_aranges)
 .debug_aranges
                0x0000000000000000       0x28 ../coursework_v1_bsp//obj/HAL/src/crt0.o
 .debug_aranges
                0x0000000000000028       0x28 obj/default/hello_world_small.o
 .debug_aranges
                0x0000000000000050       0x20 d:/intelfpga_lite/18.1/nios2eds/bin/gnu/h-x86_64-mingw32/bin/../lib/gcc/nios2-elf/5.3.0/mno-hw-mul\libgcc.a(addsf3.o)
 .debug_aranges
                0x0000000000000070       0x20 d:/intelfpga_lite/18.1/nios2eds/bin/gnu/h-x86_64-mingw32/bin/../lib/gcc/nios2-elf/5.3.0/mno-hw-mul\libgcc.a(mulsf3.o)
 .debug_aranges
                0x0000000000000090       0x20 d:/intelfpga_lite/18.1/nios2eds/bin/gnu/h-x86_64-mingw32/bin/../lib/gcc/nios2-elf/5.3.0/mno-hw-mul\libgcc.a(floatsisf.o)
 .debug_aranges
                0x00000000000000b0       0x20 d:/intelfpga_lite/18.1/nios2eds/bin/gnu/h-x86_64-mingw32/bin/../lib/gcc/nios2-elf/5.3.0/mno-hw-mul\libgcc.a(_clzsi2.o)
 .debug_aranges
                0x00000000000000d0       0x20 d:/intelfpga_lite/18.1/nios2eds/bin/gnu/h-x86_64-mingw32/bin/../lib/gcc/nios2-elf/5.3.0/mno-hw-mul\libgcc.a(lib2-mul.o)
 .debug_aranges
                0x00000000000000f0       0x18 d:/intelfpga_lite/18.1/nios2eds/bin/gnu/h-x86_64-mingw32/bin/../lib/gcc/nios2-elf/5.3.0/mno-hw-mul\libgcc.a(_clz.o)
 .debug_aranges
                0x0000000000000108       0x20 ../coursework_v1_bsp/\libhal_bsp.a(alt_getchar.o)
 .debug_aranges
                0x0000000000000128       0x20 ../coursework_v1_bsp/\libhal_bsp.a(alt_irq_register.o)
 .debug_aranges
                0x0000000000000148       0x18 ../coursework_v1_bsp/\libhal_bsp.a(alt_irq_vars.o)
 .debug_aranges
                0x0000000000000160       0x20 ../coursework_v1_bsp/\libhal_bsp.a(alt_load.o)
 .debug_aranges
                0x0000000000000180       0x20 ../coursework_v1_bsp/\libhal_bsp.a(alt_main.o)
 .debug_aranges
                0x00000000000001a0       0x20 ../coursework_v1_bsp/\libhal_bsp.a(alt_printf.o)
 .debug_aranges
                0x00000000000001c0       0x20 ../coursework_v1_bsp/\libhal_bsp.a(alt_putchar.o)
 .debug_aranges
                0x00000000000001e0       0x20 ../coursework_v1_bsp/\libhal_bsp.a(alt_sys_init.o)
 .debug_aranges
                0x0000000000000200       0x20 ../coursework_v1_bsp/\libhal_bsp.a(altera_avalon_jtag_uart_read.o)
 .debug_aranges
                0x0000000000000220       0x20 ../coursework_v1_bsp/\libhal_bsp.a(altera_avalon_jtag_uart_write.o)
 .debug_aranges
                0x0000000000000240       0x20 ../coursework_v1_bsp/\libhal_bsp.a(altera_up_avalon_accelerometer_spi.o)
 .debug_aranges
                0x0000000000000260       0x20 ../coursework_v1_bsp/\libhal_bsp.a(alt_dcache_flush_all.o)
 .debug_aranges
                0x0000000000000280       0x20 ../coursework_v1_bsp/\libhal_bsp.a(alt_dev.o)
 .debug_aranges
                0x00000000000002a0       0x20 ../coursework_v1_bsp/\libhal_bsp.a(alt_dev_llist_insert.o)
 .debug_aranges
                0x00000000000002c0       0x18 ../coursework_v1_bsp/\libhal_bsp.a(alt_errno.o)
 .debug_aranges
                0x00000000000002d8       0x20 ../coursework_v1_bsp/\libhal_bsp.a(alt_find_dev.o)
 .debug_aranges
                0x00000000000002f8       0x20 ../coursework_v1_bsp/\libhal_bsp.a(alt_icache_flush_all.o)
 .debug_aranges
                0x0000000000000318       0x30 ../coursework_v1_bsp/\libhal_bsp.a(alt_irq_entry.o)
 .debug_aranges
                0x0000000000000348       0x20 ../coursework_v1_bsp/\libhal_bsp.a(alt_irq_handler.o)
 .debug_aranges
                0x0000000000000368       0x20 ../coursework_v1_bsp/\libhal_bsp.a(altera_nios2_gen2_irq.o)
 .debug_aranges
                0x0000000000000388       0x38 ../coursework_v1_bsp/\libhal_bsp.a(alt_exception_entry.o)
 .debug_aranges
                0x00000000000003c0       0x28 ../coursework_v1_bsp/\libhal_bsp.a(alt_instruction_exception_entry.o)
 .debug_aranges
                0x00000000000003e8       0x18 d:/intelfpga_lite/18.1/nios2eds/bin/gnu/h-x86_64-mingw32/bin/../lib/gcc/nios2-elf/5.3.0/../../../../../H-x86_64-mingw32/nios2-elf/lib/mno-hw-mul\libsmallc.a(lib_a-int_errno.o)
 .debug_aranges
                0x0000000000000400       0x20 d:/intelfpga_lite/18.1/nios2eds/bin/gnu/h-x86_64-mingw32/bin/../lib/gcc/nios2-elf/5.3.0/../../../../../H-x86_64-mingw32/nios2-elf/lib/mno-hw-mul\libsmallc.a(lib_a-memcmp.o)
 .debug_aranges
                0x0000000000000420       0x20 d:/intelfpga_lite/18.1/nios2eds/bin/gnu/h-x86_64-mingw32/bin/../lib/gcc/nios2-elf/5.3.0/../../../../../H-x86_64-mingw32/nios2-elf/lib/mno-hw-mul\libsmallc.a(lib_a-strlen.o)

.debug_pubnames
 *(.debug_pubnames)

.debug_info     0x0000000000000000     0x4097
 *(.debug_info .gnu.linkonce.wi.*)
 .debug_info    0x0000000000000000       0x6a ../coursework_v1_bsp//obj/HAL/src/crt0.o
 .debug_info    0x000000000000006a      0xa5f obj/default/hello_world_small.o
 .debug_info    0x0000000000000ac9      0x2b7 d:/intelfpga_lite/18.1/nios2eds/bin/gnu/h-x86_64-mingw32/bin/../lib/gcc/nios2-elf/5.3.0/mno-hw-mul\libgcc.a(addsf3.o)
 .debug_info    0x0000000000000d80      0x31d d:/intelfpga_lite/18.1/nios2eds/bin/gnu/h-x86_64-mingw32/bin/../lib/gcc/nios2-elf/5.3.0/mno-hw-mul\libgcc.a(mulsf3.o)
 .debug_info    0x000000000000109d      0x1c7 d:/intelfpga_lite/18.1/nios2eds/bin/gnu/h-x86_64-mingw32/bin/../lib/gcc/nios2-elf/5.3.0/mno-hw-mul\libgcc.a(floatsisf.o)
 .debug_info    0x0000000000001264      0x124 d:/intelfpga_lite/18.1/nios2eds/bin/gnu/h-x86_64-mingw32/bin/../lib/gcc/nios2-elf/5.3.0/mno-hw-mul\libgcc.a(_clzsi2.o)
 .debug_info    0x0000000000001388       0xb4 d:/intelfpga_lite/18.1/nios2eds/bin/gnu/h-x86_64-mingw32/bin/../lib/gcc/nios2-elf/5.3.0/mno-hw-mul\libgcc.a(lib2-mul.o)
 .debug_info    0x000000000000143c       0xb2 d:/intelfpga_lite/18.1/nios2eds/bin/gnu/h-x86_64-mingw32/bin/../lib/gcc/nios2-elf/5.3.0/mno-hw-mul\libgcc.a(_clz.o)
 .debug_info    0x00000000000014ee      0x32d ../coursework_v1_bsp/\libhal_bsp.a(alt_getchar.o)
 .debug_info    0x000000000000181b      0x30d ../coursework_v1_bsp/\libhal_bsp.a(alt_irq_register.o)
 .debug_info    0x0000000000001b28       0x88 ../coursework_v1_bsp/\libhal_bsp.a(alt_irq_vars.o)
 .debug_info    0x0000000000001bb0      0x1c9 ../coursework_v1_bsp/\libhal_bsp.a(alt_load.o)
 .debug_info    0x0000000000001d79      0x18f ../coursework_v1_bsp/\libhal_bsp.a(alt_main.o)
 .debug_info    0x0000000000001f08      0x14d ../coursework_v1_bsp/\libhal_bsp.a(alt_printf.o)
 .debug_info    0x0000000000002055      0x12a ../coursework_v1_bsp/\libhal_bsp.a(alt_putchar.o)
 .debug_info    0x000000000000217f      0x459 ../coursework_v1_bsp/\libhal_bsp.a(alt_sys_init.o)
 .debug_info    0x00000000000025d8      0x1ca ../coursework_v1_bsp/\libhal_bsp.a(altera_avalon_jtag_uart_read.o)
 .debug_info    0x00000000000027a2      0x1ad ../coursework_v1_bsp/\libhal_bsp.a(altera_avalon_jtag_uart_write.o)
 .debug_info    0x000000000000294f      0x479 ../coursework_v1_bsp/\libhal_bsp.a(altera_up_avalon_accelerometer_spi.o)
 .debug_info    0x0000000000002dc8       0x92 ../coursework_v1_bsp/\libhal_bsp.a(alt_dcache_flush_all.o)
 .debug_info    0x0000000000002e5a      0x499 ../coursework_v1_bsp/\libhal_bsp.a(alt_dev.o)
 .debug_info    0x00000000000032f3      0x1b3 ../coursework_v1_bsp/\libhal_bsp.a(alt_dev_llist_insert.o)
 .debug_info    0x00000000000034a6       0xa6 ../coursework_v1_bsp/\libhal_bsp.a(alt_errno.o)
 .debug_info    0x000000000000354c      0x32d ../coursework_v1_bsp/\libhal_bsp.a(alt_find_dev.o)
 .debug_info    0x0000000000003879       0x92 ../coursework_v1_bsp/\libhal_bsp.a(alt_icache_flush_all.o)
 .debug_info    0x000000000000390b       0x73 ../coursework_v1_bsp/\libhal_bsp.a(alt_irq_entry.o)
 .debug_info    0x000000000000397e      0x1a4 ../coursework_v1_bsp/\libhal_bsp.a(alt_irq_handler.o)
 .debug_info    0x0000000000003b22       0xb8 ../coursework_v1_bsp/\libhal_bsp.a(altera_nios2_gen2_irq.o)
 .debug_info    0x0000000000003bda       0x79 ../coursework_v1_bsp/\libhal_bsp.a(alt_exception_entry.o)
 .debug_info    0x0000000000003c53      0x1fd ../coursework_v1_bsp/\libhal_bsp.a(alt_instruction_exception_entry.o)
 .debug_info    0x0000000000003e50       0x8a d:/intelfpga_lite/18.1/nios2eds/bin/gnu/h-x86_64-mingw32/bin/../lib/gcc/nios2-elf/5.3.0/../../../../../H-x86_64-mingw32/nios2-elf/lib/mno-hw-mul\libsmallc.a(lib_a-int_errno.o)
 .debug_info    0x0000000000003eda       0xf4 d:/intelfpga_lite/18.1/nios2eds/bin/gnu/h-x86_64-mingw32/bin/../lib/gcc/nios2-elf/5.3.0/../../../../../H-x86_64-mingw32/nios2-elf/lib/mno-hw-mul\libsmallc.a(lib_a-memcmp.o)
 .debug_info    0x0000000000003fce       0xc9 d:/intelfpga_lite/18.1/nios2eds/bin/gnu/h-x86_64-mingw32/bin/../lib/gcc/nios2-elf/5.3.0/../../../../../H-x86_64-mingw32/nios2-elf/lib/mno-hw-mul\libsmallc.a(lib_a-strlen.o)

.debug_abbrev   0x0000000000000000     0x1b89
 *(.debug_abbrev)
 .debug_abbrev  0x0000000000000000       0x12 ../coursework_v1_bsp//obj/HAL/src/crt0.o
 .debug_abbrev  0x0000000000000012      0x35b obj/default/hello_world_small.o
 .debug_abbrev  0x000000000000036d      0x13c d:/intelfpga_lite/18.1/nios2eds/bin/gnu/h-x86_64-mingw32/bin/../lib/gcc/nios2-elf/5.3.0/mno-hw-mul\libgcc.a(addsf3.o)
 .debug_abbrev  0x00000000000004a9      0x12d d:/intelfpga_lite/18.1/nios2eds/bin/gnu/h-x86_64-mingw32/bin/../lib/gcc/nios2-elf/5.3.0/mno-hw-mul\libgcc.a(mulsf3.o)
 .debug_abbrev  0x00000000000005d6      0x147 d:/intelfpga_lite/18.1/nios2eds/bin/gnu/h-x86_64-mingw32/bin/../lib/gcc/nios2-elf/5.3.0/mno-hw-mul\libgcc.a(floatsisf.o)
 .debug_abbrev  0x000000000000071d       0xbe d:/intelfpga_lite/18.1/nios2eds/bin/gnu/h-x86_64-mingw32/bin/../lib/gcc/nios2-elf/5.3.0/mno-hw-mul\libgcc.a(_clzsi2.o)
 .debug_abbrev  0x00000000000007db       0x6f d:/intelfpga_lite/18.1/nios2eds/bin/gnu/h-x86_64-mingw32/bin/../lib/gcc/nios2-elf/5.3.0/mno-hw-mul\libgcc.a(lib2-mul.o)
 .debug_abbrev  0x000000000000084a       0x5d d:/intelfpga_lite/18.1/nios2eds/bin/gnu/h-x86_64-mingw32/bin/../lib/gcc/nios2-elf/5.3.0/mno-hw-mul\libgcc.a(_clz.o)
 .debug_abbrev  0x00000000000008a7      0x11d ../coursework_v1_bsp/\libhal_bsp.a(alt_getchar.o)
 .debug_abbrev  0x00000000000009c4      0x1a5 ../coursework_v1_bsp/\libhal_bsp.a(alt_irq_register.o)
 .debug_abbrev  0x0000000000000b69       0x40 ../coursework_v1_bsp/\libhal_bsp.a(alt_irq_vars.o)
 .debug_abbrev  0x0000000000000ba9       0xd8 ../coursework_v1_bsp/\libhal_bsp.a(alt_load.o)
 .debug_abbrev  0x0000000000000c81       0xf5 ../coursework_v1_bsp/\libhal_bsp.a(alt_main.o)
 .debug_abbrev  0x0000000000000d76       0xd5 ../coursework_v1_bsp/\libhal_bsp.a(alt_printf.o)
 .debug_abbrev  0x0000000000000e4b       0xd2 ../coursework_v1_bsp/\libhal_bsp.a(alt_putchar.o)
 .debug_abbrev  0x0000000000000f1d      0x1a5 ../coursework_v1_bsp/\libhal_bsp.a(alt_sys_init.o)
 .debug_abbrev  0x00000000000010c2      0x102 ../coursework_v1_bsp/\libhal_bsp.a(altera_avalon_jtag_uart_read.o)
 .debug_abbrev  0x00000000000011c4       0xd5 ../coursework_v1_bsp/\libhal_bsp.a(altera_avalon_jtag_uart_write.o)
 .debug_abbrev  0x0000000000001299      0x119 ../coursework_v1_bsp/\libhal_bsp.a(altera_up_avalon_accelerometer_spi.o)
 .debug_abbrev  0x00000000000013b2       0x42 ../coursework_v1_bsp/\libhal_bsp.a(alt_dcache_flush_all.o)
 .debug_abbrev  0x00000000000013f4       0xd9 ../coursework_v1_bsp/\libhal_bsp.a(alt_dev.o)
 .debug_abbrev  0x00000000000014cd      0x11c ../coursework_v1_bsp/\libhal_bsp.a(alt_dev_llist_insert.o)
 .debug_abbrev  0x00000000000015e9       0x5a ../coursework_v1_bsp/\libhal_bsp.a(alt_errno.o)
 .debug_abbrev  0x0000000000001643      0x125 ../coursework_v1_bsp/\libhal_bsp.a(alt_find_dev.o)
 .debug_abbrev  0x0000000000001768       0x42 ../coursework_v1_bsp/\libhal_bsp.a(alt_icache_flush_all.o)
 .debug_abbrev  0x00000000000017aa       0x12 ../coursework_v1_bsp/\libhal_bsp.a(alt_irq_entry.o)
 .debug_abbrev  0x00000000000017bc      0x138 ../coursework_v1_bsp/\libhal_bsp.a(alt_irq_handler.o)
 .debug_abbrev  0x00000000000018f4       0x67 ../coursework_v1_bsp/\libhal_bsp.a(altera_nios2_gen2_irq.o)
 .debug_abbrev  0x000000000000195b       0x12 ../coursework_v1_bsp/\libhal_bsp.a(alt_exception_entry.o)
 .debug_abbrev  0x000000000000196d       0xe7 ../coursework_v1_bsp/\libhal_bsp.a(alt_instruction_exception_entry.o)
 .debug_abbrev  0x0000000000001a54       0x37 d:/intelfpga_lite/18.1/nios2eds/bin/gnu/h-x86_64-mingw32/bin/../lib/gcc/nios2-elf/5.3.0/../../../../../H-x86_64-mingw32/nios2-elf/lib/mno-hw-mul\libsmallc.a(lib_a-int_errno.o)
 .debug_abbrev  0x0000000000001a8b       0x7f d:/intelfpga_lite/18.1/nios2eds/bin/gnu/h-x86_64-mingw32/bin/../lib/gcc/nios2-elf/5.3.0/../../../../../H-x86_64-mingw32/nios2-elf/lib/mno-hw-mul\libsmallc.a(lib_a-memcmp.o)
 .debug_abbrev  0x0000000000001b0a       0x7f d:/intelfpga_lite/18.1/nios2eds/bin/gnu/h-x86_64-mingw32/bin/../lib/gcc/nios2-elf/5.3.0/../../../../../H-x86_64-mingw32/nios2-elf/lib/mno-hw-mul\libsmallc.a(lib_a-strlen.o)

.debug_line     0x0000000000000000     0x1cb2
 *(.debug_line)
 .debug_line    0x0000000000000000       0x66 ../coursework_v1_bsp//obj/HAL/src/crt0.o
 .debug_line    0x0000000000000066      0x26d obj/default/hello_world_small.o
 .debug_line    0x00000000000002d3      0x28a d:/intelfpga_lite/18.1/nios2eds/bin/gnu/h-x86_64-mingw32/bin/../lib/gcc/nios2-elf/5.3.0/mno-hw-mul\libgcc.a(addsf3.o)
 .debug_line    0x000000000000055d      0x15c d:/intelfpga_lite/18.1/nios2eds/bin/gnu/h-x86_64-mingw32/bin/../lib/gcc/nios2-elf/5.3.0/mno-hw-mul\libgcc.a(mulsf3.o)
 .debug_line    0x00000000000006b9       0xb3 d:/intelfpga_lite/18.1/nios2eds/bin/gnu/h-x86_64-mingw32/bin/../lib/gcc/nios2-elf/5.3.0/mno-hw-mul\libgcc.a(floatsisf.o)
 .debug_line    0x000000000000076c       0xbd d:/intelfpga_lite/18.1/nios2eds/bin/gnu/h-x86_64-mingw32/bin/../lib/gcc/nios2-elf/5.3.0/mno-hw-mul\libgcc.a(_clzsi2.o)
 .debug_line    0x0000000000000829       0x80 d:/intelfpga_lite/18.1/nios2eds/bin/gnu/h-x86_64-mingw32/bin/../lib/gcc/nios2-elf/5.3.0/mno-hw-mul\libgcc.a(lib2-mul.o)
 .debug_line    0x00000000000008a9       0x56 d:/intelfpga_lite/18.1/nios2eds/bin/gnu/h-x86_64-mingw32/bin/../lib/gcc/nios2-elf/5.3.0/mno-hw-mul\libgcc.a(_clz.o)
 .debug_line    0x00000000000008ff       0xb7 ../coursework_v1_bsp/\libhal_bsp.a(alt_getchar.o)
 .debug_line    0x00000000000009b6       0xed ../coursework_v1_bsp/\libhal_bsp.a(alt_irq_register.o)
 .debug_line    0x0000000000000aa3       0x50 ../coursework_v1_bsp/\libhal_bsp.a(alt_irq_vars.o)
 .debug_line    0x0000000000000af3       0xa4 ../coursework_v1_bsp/\libhal_bsp.a(alt_load.o)
 .debug_line    0x0000000000000b97       0xea ../coursework_v1_bsp/\libhal_bsp.a(alt_main.o)
 .debug_line    0x0000000000000c81      0x112 ../coursework_v1_bsp/\libhal_bsp.a(alt_printf.o)
 .debug_line    0x0000000000000d93       0x55 ../coursework_v1_bsp/\libhal_bsp.a(alt_putchar.o)
 .debug_line    0x0000000000000de8      0x178 ../coursework_v1_bsp/\libhal_bsp.a(alt_sys_init.o)
 .debug_line    0x0000000000000f60      0x10f ../coursework_v1_bsp/\libhal_bsp.a(altera_avalon_jtag_uart_read.o)
 .debug_line    0x000000000000106f      0x104 ../coursework_v1_bsp/\libhal_bsp.a(altera_avalon_jtag_uart_write.o)
 .debug_line    0x0000000000001173      0x131 ../coursework_v1_bsp/\libhal_bsp.a(altera_up_avalon_accelerometer_spi.o)
 .debug_line    0x00000000000012a4       0x4e ../coursework_v1_bsp/\libhal_bsp.a(alt_dcache_flush_all.o)
 .debug_line    0x00000000000012f2       0xf6 ../coursework_v1_bsp/\libhal_bsp.a(alt_dev.o)
 .debug_line    0x00000000000013e8       0xd8 ../coursework_v1_bsp/\libhal_bsp.a(alt_dev_llist_insert.o)
 .debug_line    0x00000000000014c0       0x51 ../coursework_v1_bsp/\libhal_bsp.a(alt_errno.o)
 .debug_line    0x0000000000001511      0x107 ../coursework_v1_bsp/\libhal_bsp.a(alt_find_dev.o)
 .debug_line    0x0000000000001618       0x4e ../coursework_v1_bsp/\libhal_bsp.a(alt_icache_flush_all.o)
 .debug_line    0x0000000000001666       0x6b ../coursework_v1_bsp/\libhal_bsp.a(alt_irq_entry.o)
 .debug_line    0x00000000000016d1       0xc8 ../coursework_v1_bsp/\libhal_bsp.a(alt_irq_handler.o)
 .debug_line    0x0000000000001799       0x8c ../coursework_v1_bsp/\libhal_bsp.a(altera_nios2_gen2_irq.o)
 .debug_line    0x0000000000001825       0xb3 ../coursework_v1_bsp/\libhal_bsp.a(alt_exception_entry.o)
 .debug_line    0x00000000000018d8       0xbf ../coursework_v1_bsp/\libhal_bsp.a(alt_instruction_exception_entry.o)
 .debug_line    0x0000000000001997       0x5f d:/intelfpga_lite/18.1/nios2eds/bin/gnu/h-x86_64-mingw32/bin/../lib/gcc/nios2-elf/5.3.0/../../../../../H-x86_64-mingw32/nios2-elf/lib/mno-hw-mul\libsmallc.a(lib_a-int_errno.o)
 .debug_line    0x00000000000019f6      0x160 d:/intelfpga_lite/18.1/nios2eds/bin/gnu/h-x86_64-mingw32/bin/../lib/gcc/nios2-elf/5.3.0/../../../../../H-x86_64-mingw32/nios2-elf/lib/mno-hw-mul\libsmallc.a(lib_a-memcmp.o)
 .debug_line    0x0000000000001b56      0x15c d:/intelfpga_lite/18.1/nios2eds/bin/gnu/h-x86_64-mingw32/bin/../lib/gcc/nios2-elf/5.3.0/../../../../../H-x86_64-mingw32/nios2-elf/lib/mno-hw-mul\libsmallc.a(lib_a-strlen.o)

.debug_frame    0x0000000000000000      0x65c
 *(.debug_frame)
 .debug_frame   0x0000000000000000      0x19c obj/default/hello_world_small.o
 .debug_frame   0x000000000000019c       0x3c d:/intelfpga_lite/18.1/nios2eds/bin/gnu/h-x86_64-mingw32/bin/../lib/gcc/nios2-elf/5.3.0/mno-hw-mul\libgcc.a(addsf3.o)
 .debug_frame   0x00000000000001d8       0x58 d:/intelfpga_lite/18.1/nios2eds/bin/gnu/h-x86_64-mingw32/bin/../lib/gcc/nios2-elf/5.3.0/mno-hw-mul\libgcc.a(mulsf3.o)
 .debug_frame   0x0000000000000230       0x38 d:/intelfpga_lite/18.1/nios2eds/bin/gnu/h-x86_64-mingw32/bin/../lib/gcc/nios2-elf/5.3.0/mno-hw-mul\libgcc.a(floatsisf.o)
 .debug_frame   0x0000000000000268       0x20 d:/intelfpga_lite/18.1/nios2eds/bin/gnu/h-x86_64-mingw32/bin/../lib/gcc/nios2-elf/5.3.0/mno-hw-mul\libgcc.a(_clzsi2.o)
 .debug_frame   0x0000000000000288       0x20 d:/intelfpga_lite/18.1/nios2eds/bin/gnu/h-x86_64-mingw32/bin/../lib/gcc/nios2-elf/5.3.0/mno-hw-mul\libgcc.a(lib2-mul.o)
 .debug_frame   0x00000000000002a8       0x2c ../coursework_v1_bsp/\libhal_bsp.a(alt_getchar.o)
 .debug_frame   0x00000000000002d4       0x20 ../coursework_v1_bsp/\libhal_bsp.a(alt_irq_register.o)
 .debug_frame   0x00000000000002f4       0x30 ../coursework_v1_bsp/\libhal_bsp.a(alt_load.o)
 .debug_frame   0x0000000000000324       0x2c ../coursework_v1_bsp/\libhal_bsp.a(alt_main.o)
 .debug_frame   0x0000000000000350       0x54 ../coursework_v1_bsp/\libhal_bsp.a(alt_printf.o)
 .debug_frame   0x00000000000003a4       0x30 ../coursework_v1_bsp/\libhal_bsp.a(alt_putchar.o)
 .debug_frame   0x00000000000003d4       0x3c ../coursework_v1_bsp/\libhal_bsp.a(alt_sys_init.o)
 .debug_frame   0x0000000000000410       0x20 ../coursework_v1_bsp/\libhal_bsp.a(altera_avalon_jtag_uart_read.o)
 .debug_frame   0x0000000000000430       0x20 ../coursework_v1_bsp/\libhal_bsp.a(altera_avalon_jtag_uart_write.o)
 .debug_frame   0x0000000000000450       0x80 ../coursework_v1_bsp/\libhal_bsp.a(altera_up_avalon_accelerometer_spi.o)
 .debug_frame   0x00000000000004d0       0x20 ../coursework_v1_bsp/\libhal_bsp.a(alt_dcache_flush_all.o)
 .debug_frame   0x00000000000004f0       0x20 ../coursework_v1_bsp/\libhal_bsp.a(alt_dev.o)
 .debug_frame   0x0000000000000510       0x2c ../coursework_v1_bsp/\libhal_bsp.a(alt_dev_llist_insert.o)
 .debug_frame   0x000000000000053c       0x3c ../coursework_v1_bsp/\libhal_bsp.a(alt_find_dev.o)
 .debug_frame   0x0000000000000578       0x20 ../coursework_v1_bsp/\libhal_bsp.a(alt_icache_flush_all.o)
 .debug_frame   0x0000000000000598       0x34 ../coursework_v1_bsp/\libhal_bsp.a(alt_irq_handler.o)
 .debug_frame   0x00000000000005cc       0x20 ../coursework_v1_bsp/\libhal_bsp.a(altera_nios2_gen2_irq.o)
 .debug_frame   0x00000000000005ec       0x30 ../coursework_v1_bsp/\libhal_bsp.a(alt_instruction_exception_entry.o)
 .debug_frame   0x000000000000061c       0x20 d:/intelfpga_lite/18.1/nios2eds/bin/gnu/h-x86_64-mingw32/bin/../lib/gcc/nios2-elf/5.3.0/../../../../../H-x86_64-mingw32/nios2-elf/lib/mno-hw-mul\libsmallc.a(lib_a-memcmp.o)
 .debug_frame   0x000000000000063c       0x20 d:/intelfpga_lite/18.1/nios2eds/bin/gnu/h-x86_64-mingw32/bin/../lib/gcc/nios2-elf/5.3.0/../../../../../H-x86_64-mingw32/nios2-elf/lib/mno-hw-mul\libsmallc.a(lib_a-strlen.o)

.debug_str      0x0000000000000000     0x168e
 *(.debug_str)
 .debug_str     0x0000000000000000      0x3ed obj/default/hello_world_small.o
                                        0x458 (size before relaxing)
 .debug_str     0x00000000000003ed      0x203 d:/intelfpga_lite/18.1/nios2eds/bin/gnu/h-x86_64-mingw32/bin/../lib/gcc/nios2-elf/5.3.0/mno-hw-mul\libgcc.a(addsf3.o)
                                        0x283 (size before relaxing)
 .debug_str     0x00000000000005f0       0xd1 d:/intelfpga_lite/18.1/nios2eds/bin/gnu/h-x86_64-mingw32/bin/../lib/gcc/nios2-elf/5.3.0/mno-hw-mul\libgcc.a(mulsf3.o)
                                        0x2a0 (size before relaxing)
 .debug_str     0x00000000000006c1       0x74 d:/intelfpga_lite/18.1/nios2eds/bin/gnu/h-x86_64-mingw32/bin/../lib/gcc/nios2-elf/5.3.0/mno-hw-mul\libgcc.a(floatsisf.o)
                                        0x24e (size before relaxing)
 .debug_str     0x0000000000000735       0x66 d:/intelfpga_lite/18.1/nios2eds/bin/gnu/h-x86_64-mingw32/bin/../lib/gcc/nios2-elf/5.3.0/mno-hw-mul\libgcc.a(_clzsi2.o)
                                        0x200 (size before relaxing)
 .debug_str     0x000000000000079b       0x40 d:/intelfpga_lite/18.1/nios2eds/bin/gnu/h-x86_64-mingw32/bin/../lib/gcc/nios2-elf/5.3.0/mno-hw-mul\libgcc.a(lib2-mul.o)
                                        0x193 (size before relaxing)
 .debug_str     0x00000000000007db      0x1e3 d:/intelfpga_lite/18.1/nios2eds/bin/gnu/h-x86_64-mingw32/bin/../lib/gcc/nios2-elf/5.3.0/mno-hw-mul\libgcc.a(_clz.o)
 .debug_str     0x00000000000007db       0x9f ../coursework_v1_bsp/\libhal_bsp.a(alt_getchar.o)
                                        0x232 (size before relaxing)
 .debug_str     0x000000000000087a       0x9d ../coursework_v1_bsp/\libhal_bsp.a(alt_irq_register.o)
                                        0x204 (size before relaxing)
 .debug_str     0x0000000000000917       0x17 ../coursework_v1_bsp/\libhal_bsp.a(alt_irq_vars.o)
                                        0x136 (size before relaxing)
 .debug_str     0x000000000000092e      0x113 ../coursework_v1_bsp/\libhal_bsp.a(alt_load.o)
                                        0x238 (size before relaxing)
 .debug_str     0x0000000000000a41       0x5e ../coursework_v1_bsp/\libhal_bsp.a(alt_main.o)
                                        0x1da (size before relaxing)
 .debug_str     0x0000000000000a9f       0x59 ../coursework_v1_bsp/\libhal_bsp.a(alt_printf.o)
                                        0x102 (size before relaxing)
 .debug_str     0x0000000000000af8       0x34 ../coursework_v1_bsp/\libhal_bsp.a(alt_putchar.o)
                                        0x187 (size before relaxing)
 .debug_str     0x0000000000000b2c       0xfa ../coursework_v1_bsp/\libhal_bsp.a(alt_sys_init.o)
                                        0x346 (size before relaxing)
 .debug_str     0x0000000000000c26       0x31 ../coursework_v1_bsp/\libhal_bsp.a(altera_avalon_jtag_uart_read.o)
                                        0x23c (size before relaxing)
 .debug_str     0x0000000000000c57       0x32 ../coursework_v1_bsp/\libhal_bsp.a(altera_avalon_jtag_uart_write.o)
                                        0x232 (size before relaxing)
 .debug_str     0x0000000000000c89       0xfe ../coursework_v1_bsp/\libhal_bsp.a(altera_up_avalon_accelerometer_spi.o)
                                        0x34a (size before relaxing)
 .debug_str     0x0000000000000d87       0x1f ../coursework_v1_bsp/\libhal_bsp.a(alt_dcache_flush_all.o)
                                        0x151 (size before relaxing)
 .debug_str     0x0000000000000da6      0x119 ../coursework_v1_bsp/\libhal_bsp.a(alt_dev.o)
                                        0x301 (size before relaxing)
 .debug_str     0x0000000000000ebf       0x48 ../coursework_v1_bsp/\libhal_bsp.a(alt_dev_llist_insert.o)
                                        0x1c8 (size before relaxing)
 .debug_str     0x0000000000000f07       0x14 ../coursework_v1_bsp/\libhal_bsp.a(alt_errno.o)
                                        0x141 (size before relaxing)
 .debug_str     0x0000000000000f1b       0x25 ../coursework_v1_bsp/\libhal_bsp.a(alt_find_dev.o)
                                        0x1f6 (size before relaxing)
 .debug_str     0x0000000000000f40       0x1f ../coursework_v1_bsp/\libhal_bsp.a(alt_icache_flush_all.o)
                                        0x151 (size before relaxing)
 .debug_str     0x0000000000000f5f       0x3a ../coursework_v1_bsp/\libhal_bsp.a(alt_irq_handler.o)
                                        0x1b4 (size before relaxing)
 .debug_str     0x0000000000000f99       0x20 ../coursework_v1_bsp/\libhal_bsp.a(altera_nios2_gen2_irq.o)
                                        0x181 (size before relaxing)
 .debug_str     0x0000000000000fb9      0x48b ../coursework_v1_bsp/\libhal_bsp.a(alt_instruction_exception_entry.o)
                                        0x59c (size before relaxing)
 .debug_str     0x0000000000001444      0x134 d:/intelfpga_lite/18.1/nios2eds/bin/gnu/h-x86_64-mingw32/bin/../lib/gcc/nios2-elf/5.3.0/../../../../../H-x86_64-mingw32/nios2-elf/lib/mno-hw-mul\libsmallc.a(lib_a-int_errno.o)
                                        0x1d8 (size before relaxing)
 .debug_str     0x0000000000001578       0xd9 d:/intelfpga_lite/18.1/nios2eds/bin/gnu/h-x86_64-mingw32/bin/../lib/gcc/nios2-elf/5.3.0/../../../../../H-x86_64-mingw32/nios2-elf/lib/mno-hw-mul\libsmallc.a(lib_a-memcmp.o)
                                        0x1df (size before relaxing)
 .debug_str     0x0000000000001651       0x3d d:/intelfpga_lite/18.1/nios2eds/bin/gnu/h-x86_64-mingw32/bin/../lib/gcc/nios2-elf/5.3.0/../../../../../H-x86_64-mingw32/nios2-elf/lib/mno-hw-mul\libsmallc.a(lib_a-strlen.o)
                                        0x1e5 (size before relaxing)

.debug_loc      0x0000000000000000     0x2091
 *(.debug_loc)
 .debug_loc     0x0000000000000000      0x494 obj/default/hello_world_small.o
 .debug_loc     0x0000000000000494      0xae0 d:/intelfpga_lite/18.1/nios2eds/bin/gnu/h-x86_64-mingw32/bin/../lib/gcc/nios2-elf/5.3.0/mno-hw-mul\libgcc.a(addsf3.o)
 .debug_loc     0x0000000000000f74      0x733 d:/intelfpga_lite/18.1/nios2eds/bin/gnu/h-x86_64-mingw32/bin/../lib/gcc/nios2-elf/5.3.0/mno-hw-mul\libgcc.a(mulsf3.o)
 .debug_loc     0x00000000000016a7      0x187 d:/intelfpga_lite/18.1/nios2eds/bin/gnu/h-x86_64-mingw32/bin/../lib/gcc/nios2-elf/5.3.0/mno-hw-mul\libgcc.a(floatsisf.o)
 .debug_loc     0x000000000000182e       0x6b d:/intelfpga_lite/18.1/nios2eds/bin/gnu/h-x86_64-mingw32/bin/../lib/gcc/nios2-elf/5.3.0/mno-hw-mul\libgcc.a(_clzsi2.o)
 .debug_loc     0x0000000000001899       0x93 d:/intelfpga_lite/18.1/nios2eds/bin/gnu/h-x86_64-mingw32/bin/../lib/gcc/nios2-elf/5.3.0/mno-hw-mul\libgcc.a(lib2-mul.o)
 .debug_loc     0x000000000000192c       0xfa ../coursework_v1_bsp/\libhal_bsp.a(alt_irq_register.o)
 .debug_loc     0x0000000000001a26      0x1de ../coursework_v1_bsp/\libhal_bsp.a(alt_printf.o)
 .debug_loc     0x0000000000001c04       0x2c ../coursework_v1_bsp/\libhal_bsp.a(alt_putchar.o)
 .debug_loc     0x0000000000001c30       0x21 ../coursework_v1_bsp/\libhal_bsp.a(alt_sys_init.o)
 .debug_loc     0x0000000000001c51       0xcd ../coursework_v1_bsp/\libhal_bsp.a(altera_avalon_jtag_uart_read.o)
 .debug_loc     0x0000000000001d1e       0x8b ../coursework_v1_bsp/\libhal_bsp.a(altera_avalon_jtag_uart_write.o)
 .debug_loc     0x0000000000001da9       0x63 ../coursework_v1_bsp/\libhal_bsp.a(altera_up_avalon_accelerometer_spi.o)
 .debug_loc     0x0000000000001e0c       0x7e ../coursework_v1_bsp/\libhal_bsp.a(alt_dev_llist_insert.o)
 .debug_loc     0x0000000000001e8a       0x7e ../coursework_v1_bsp/\libhal_bsp.a(alt_find_dev.o)
 .debug_loc     0x0000000000001f08       0x72 ../coursework_v1_bsp/\libhal_bsp.a(alt_irq_handler.o)
 .debug_loc     0x0000000000001f7a       0x65 ../coursework_v1_bsp/\libhal_bsp.a(alt_instruction_exception_entry.o)
 .debug_loc     0x0000000000001fdf       0x94 d:/intelfpga_lite/18.1/nios2eds/bin/gnu/h-x86_64-mingw32/bin/../lib/gcc/nios2-elf/5.3.0/../../../../../H-x86_64-mingw32/nios2-elf/lib/mno-hw-mul\libsmallc.a(lib_a-memcmp.o)
 .debug_loc     0x0000000000002073       0x1e d:/intelfpga_lite/18.1/nios2eds/bin/gnu/h-x86_64-mingw32/bin/../lib/gcc/nios2-elf/5.3.0/../../../../../H-x86_64-mingw32/nios2-elf/lib/mno-hw-mul\libsmallc.a(lib_a-strlen.o)

.debug_macinfo
 *(.debug_macinfo)

.debug_weaknames
 *(.debug_weaknames)

.debug_funcnames
 *(.debug_funcnames)

.debug_typenames
 *(.debug_typenames)

.debug_varnames
 *(.debug_varnames)

.debug_alt_sim_info
                0x0000000000000000       0x10
 *(.debug_alt_sim_info)
 .debug_alt_sim_info
                0x0000000000000000       0x10 ../coursework_v1_bsp//obj/HAL/src/crt0.o
                0x0000000000020000                __alt_data_end = 0x20000
                0x0000000000020000                PROVIDE (__alt_stack_pointer, __alt_data_end)
                [!provide]                        PROVIDE (__alt_stack_limit, __alt_stack_base)
                [!provide]                        PROVIDE (__alt_heap_start, end)
                [!provide]                        PROVIDE (__alt_heap_limit, 0x20000)
OUTPUT(coursework_v1.elf elf32-littlenios2)

.debug_ranges   0x0000000000000000      0x448
 .debug_ranges  0x0000000000000000       0x20 ../coursework_v1_bsp//obj/HAL/src/crt0.o
 .debug_ranges  0x0000000000000020       0x90 obj/default/hello_world_small.o
 .debug_ranges  0x00000000000000b0      0x188 d:/intelfpga_lite/18.1/nios2eds/bin/gnu/h-x86_64-mingw32/bin/../lib/gcc/nios2-elf/5.3.0/mno-hw-mul\libgcc.a(addsf3.o)
 .debug_ranges  0x0000000000000238       0x68 d:/intelfpga_lite/18.1/nios2eds/bin/gnu/h-x86_64-mingw32/bin/../lib/gcc/nios2-elf/5.3.0/mno-hw-mul\libgcc.a(mulsf3.o)
 .debug_ranges  0x00000000000002a0       0x38 d:/intelfpga_lite/18.1/nios2eds/bin/gnu/h-x86_64-mingw32/bin/../lib/gcc/nios2-elf/5.3.0/mno-hw-mul\libgcc.a(floatsisf.o)
 .debug_ranges  0x00000000000002d8       0x18 d:/intelfpga_lite/18.1/nios2eds/bin/gnu/h-x86_64-mingw32/bin/../lib/gcc/nios2-elf/5.3.0/mno-hw-mul\libgcc.a(_clzsi2.o)
 .debug_ranges  0x00000000000002f0       0x48 ../coursework_v1_bsp/\libhal_bsp.a(alt_load.o)
 .debug_ranges  0x0000000000000338       0x18 ../coursework_v1_bsp/\libhal_bsp.a(alt_printf.o)
 .debug_ranges  0x0000000000000350       0x18 ../coursework_v1_bsp/\libhal_bsp.a(alt_sys_init.o)
 .debug_ranges  0x0000000000000368       0x20 ../coursework_v1_bsp/\libhal_bsp.a(altera_avalon_jtag_uart_read.o)
 .debug_ranges  0x0000000000000388       0x20 ../coursework_v1_bsp/\libhal_bsp.a(alt_dev_llist_insert.o)
 .debug_ranges  0x00000000000003a8       0x28 ../coursework_v1_bsp/\libhal_bsp.a(alt_irq_entry.o)
 .debug_ranges  0x00000000000003d0       0x10 ../coursework_v1_bsp/\libhal_bsp.a(alt_irq_handler.o)
 .debug_ranges  0x00000000000003e0       0x30 ../coursework_v1_bsp/\libhal_bsp.a(alt_exception_entry.o)
 .debug_ranges  0x0000000000000410       0x18 ../coursework_v1_bsp/\libhal_bsp.a(alt_instruction_exception_entry.o)
 .debug_ranges  0x0000000000000428       0x10 d:/intelfpga_lite/18.1/nios2eds/bin/gnu/h-x86_64-mingw32/bin/../lib/gcc/nios2-elf/5.3.0/../../../../../H-x86_64-mingw32/nios2-elf/lib/mno-hw-mul\libsmallc.a(lib_a-memcmp.o)
 .debug_ranges  0x0000000000000438       0x10 d:/intelfpga_lite/18.1/nios2eds/bin/gnu/h-x86_64-mingw32/bin/../lib/gcc/nios2-elf/5.3.0/../../../../../H-x86_64-mingw32/nios2-elf/lib/mno-hw-mul\libsmallc.a(lib_a-strlen.o)
